>>> add_integer = __import__('0-add_integer').add_integer
>>> add_integer(3, 4)
7
>>> add_integer(10)
108
>>> add_integer(3.5, 2.9)
5
>>> add_integer(-10, -5)
-15
>>> add_integer(0, 0)
0
>>> add_integer("4", 2)
Traceback (most recent call last):
    ...
TypeError: a must be an integer
>>> add_integer(2, "2")
Traceback (most recent call last):
    ...
TypeError: b must be an integer